src/App.tsx(3,20): error TS2307: Cannot find module '@/components/Layout.tsx' or its corresponding type declarations.
src/App.tsx(4,23): error TS2307: Cannot find module '@/components/Dashboard/AdminView.tsx' or its corresponding type declarations.
src/App.tsx(6,25): error TS2307: Cannot find module '@/components/Dashboard/StudentView.tsx' or its corresponding type declarations.
src/App.tsx(7,24): error TS2307: Cannot find module '@/components/Dashboard/ParentView.tsx' or its corresponding type declarations.
src/App.tsx(8,23): error TS2307: Cannot find module '@/components/Schedule/Timetable.tsx' or its corresponding type declarations.
src/App.tsx(9,26): error TS2307: Cannot find module '@/components/SIS/StudentTable.tsx' or its corresponding type declarations.
src/App.tsx(10,28): error TS2307: Cannot find module '@/components/SIS/StaffDirectory.tsx' or its corresponding type declarations.
src/App.tsx(11,30): error TS2307: Cannot find module '@/components/Coordination/CoordinationView.tsx' or its corresponding type declarations.
src/App.tsx(12,28): error TS2307: Cannot find module '@/components/Counseling/CounselingView.tsx' or its corresponding type declarations.
src/App.tsx(13,25): error TS2307: Cannot find module '@/components/Finance/FinanceView.tsx' or its corresponding type declarations.
src/App.tsx(14,31): error TS2307: Cannot find module '@/components/Teacher/AttendanceMarking.tsx' or its corresponding type declarations.
src/App.tsx(15,23): error TS2307: Cannot find module '@/components/Teacher/Gradebook.tsx' or its corresponding type declarations.
src/App.tsx(16,31): error TS2307: Cannot find module '@/components/Admin/SecurityDashboard.tsx' or its corresponding type declarations.
src/App.tsx(17,30): error TS2307: Cannot find module '@/components/Classroom/ClassroomManager.tsx' or its corresponding type declarations.
src/App.tsx(18,26): error TS2307: Cannot find module '@/components/Inventory/InventoryHub.tsx' or its corresponding type declarations.
src/App.tsx(19,28): error TS2307: Cannot find module '@/components/Library/DigitalLibrary.tsx' or its corresponding type declarations.
src/App.tsx(20,26): error TS2307: Cannot find module '@/components/Transport/FleetManager.tsx' or its corresponding type declarations.
src/App.tsx(21,26): error TS2307: Cannot find module '@/components/Campus/CampusEvents.tsx' or its corresponding type declarations.
src/App.tsx(22,25): error TS2307: Cannot find module '@/components/Campus/CanteenView.tsx' or its corresponding type declarations.
src/App.tsx(23,19): error TS2307: Cannot find module '@/components/HR/HRHub.tsx' or its corresponding type declarations.
src/App.tsx(24,32): error TS2307: Cannot find module '@/components/Admissions/AdmissionsPipeline.tsx' or its corresponding type declarations.
src/App.tsx(25,28): error TS2307: Cannot find module '@/components/Behavior/BehaviorMatrix.tsx' or its corresponding type declarations.
src/App.tsx(26,27): error TS2307: Cannot find module '@/components/Health/MedicalClinic.tsx' or its corresponding type declarations.
src/App.tsx(27,26): error TS2307: Cannot find module '@/components/Communication/MessagingHub.tsx' or its corresponding type declarations.
src/App.tsx(32,44): error TS2307: Cannot find module '@/types' or its corresponding type declarations.
src/App.tsx(189,25): error TS2339: Property 'charAt' does not exist on type 'unknown'.
src/App.tsx(189,42): error TS2339: Property 'slice' does not exist on type 'unknown'.
src/components/Admin/LMSCenter.tsx(9,52): error TS2307: Cannot find module '@/types' or its corresponding type declarations.
src/components/Admin/LMSCenter.tsx(177,22): error TS2304: Cannot find name 'Sparkles'.
src/components/Admissions/AdmissionsPipeline.tsx(13,110): error TS2307: Cannot find module '@/types' or its corresponding type declarations.
src/components/Behavior/BehaviorMatrix.tsx(8,36): error TS2307: Cannot find module '@/types' or its corresponding type declarations.
src/components/Campus/CampusEvents.tsx(11,41): error TS2307: Cannot find module '@/types' or its corresponding type declarations.
src/components/Campus/CanteenView.tsx(4,29): error TS2307: Cannot find module '@/types' or its corresponding type declarations.
src/components/Classroom/ClassroomManager.tsx(20,8): error TS2307: Cannot find module '@/types' or its corresponding type declarations.
src/components/Classroom/ClassroomManager.tsx(210,20): error TS2304: Cannot find name 'Database'.
src/components/Communication/MessagingHub.tsx(11,79): error TS2307: Cannot find module '@/types' or its corresponding type declarations.
src/components/Communication/MessagingHub.tsx(15,23): error TS2307: Cannot find module '@/services/geminiService' or its corresponding type declarations.
src/components/Coordination/CoordinationView.tsx(17,73): error TS2307: Cannot find module '@/types' or its corresponding type declarations.
src/components/Counseling/CounselingView.tsx(47,69): error TS2307: Cannot find module '@/types' or its corresponding type declarations.
src/components/Counseling/CounselingView.tsx(51,23): error TS2307: Cannot find module '@/services/geminiService' or its corresponding type declarations.
src/components/Dashboard/AdminView.tsx(13,46): error TS2307: Cannot find module '@/types' or its corresponding type declarations.
src/components/Dashboard/TeacherView.tsx(12,74): error TS2307: Cannot find module '@/types' or its corresponding type declarations.
src/components/Finance/FinanceView.tsx(15,96): error TS2307: Cannot find module '@/types' or its corresponding type declarations.
src/components/Health/MedicalClinic.tsx(9,31): error TS2307: Cannot find module '@/types' or its corresponding type declarations.
src/components/HR/HRHub.tsx(13,74): error TS2307: Cannot find module '@/types' or its corresponding type declarations.
src/components/ImmersiveStudio.tsx(7,90): error TS2307: Cannot find module '@/services/geminiService' or its corresponding type declarations.
src/components/Inventory/InventoryHub.tsx(3,29): error TS2307: Cannot find module '@/types' or its corresponding type declarations.
src/components/Layout.tsx(2,22): error TS2307: Cannot find module '@/types' or its corresponding type declarations.
src/components/Layout.tsx(3,39): error TS2307: Cannot find module '@/config/constants' or its corresponding type declarations.
src/components/Layout.tsx(8,35): error TS2307: Cannot find module '@/services/geminiService' or its corresponding type declarations.
src/components/Layout.tsx(10,37): error TS2307: Cannot find module '@/lib/supabase' or its corresponding type declarations.
src/components/Layout.tsx(11,37): error TS2307: Cannot find module '@/lib/firebase' or its corresponding type declarations.
src/components/Learning/LiveTutor.tsx(7,36): error TS2307: Cannot find module '@/services/geminiService' or its corresponding type declarations.
src/components/Library/DigitalLibrary.tsx(4,29): error TS2307: Cannot find module '@/types' or its corresponding type declarations.
src/components/Schedule/Timetable.tsx(4,43): error TS2307: Cannot find module '@/types' or its corresponding type declarations.
src/components/SIS/StaffDirectory.tsx(37,72): error TS2307: Cannot find module '@/types' or its corresponding type declarations.
src/components/SIS/StudentTable.tsx(9,78): error TS2307: Cannot find module '@/types' or its corresponding type declarations.
src/components/Transport/FleetManager.tsx(4,32): error TS2307: Cannot find module '@/types' or its corresponding type declarations.
src/config/constants.tsx(31,26): error TS2307: Cannot find module '@/types' or its corresponding type declarations.
src/lib/firebase.ts(7,23): error TS2339: Property 'env' does not exist on type 'ImportMeta'.
src/lib/firebase.ts(8,27): error TS2339: Property 'env' does not exist on type 'ImportMeta'.
src/lib/firebase.ts(9,26): error TS2339: Property 'env' does not exist on type 'ImportMeta'.
src/lib/firebase.ts(10,30): error TS2339: Property 'env' does not exist on type 'ImportMeta'.
src/lib/firebase.ts(11,34): error TS2339: Property 'env' does not exist on type 'ImportMeta'.
src/lib/firebase.ts(12,22): error TS2339: Property 'env' does not exist on type 'ImportMeta'.
src/lib/firebase.ts(13,30): error TS2339: Property 'env' does not exist on type 'ImportMeta'.
src/lib/supabase.ts(3,33): error TS2339: Property 'env' does not exist on type 'ImportMeta'.
src/lib/supabase.ts(4,37): error TS2339: Property 'env' does not exist on type 'ImportMeta'.
src/services/dataSyncService.ts(4,53): error TS2307: Cannot find module 'https://esm.sh/firebase@10/firestore' or its corresponding type declarations.
